---
source: crates/ccusage-terminal/src/table.rs
expression: "table.render_lines().join(\"\\n\")"
---
┌──────────┬────────────┬──────────┬──────────┬──────────┐
│ Date     │ Models     │    Input │   Output │     Cost │
│          │            │          │          │    (USD) │
├──────────┼────────────┼──────────┼──────────┼──────────┤
│ 2026     │ -          │  123.46M │    9.88M │  $12.35k │
│ 05-18    │ claude-so… │          │          │          │
│          │ -          │          │          │          │
│          │ unusually… │          │          │          │
├──────────┼────────────┼──────────┼──────────┼──────────┤
└──────────┴────────────┴──────────┴──────────┴──────────┘
